<html>
<body>
<pre>
<h1>礦ision Build Log</h1>
<h2>Project:</h2>
I:\ProgramModule\tianwen_elec_VCT6\Test_17_LCD时钟2\Project\LCD_TFT.uvproj
Project File Date:  10/25/2015

<h2>Output:</h2>
Build target 'STM32Project'
compiling Touch.c...
..\HardConfig\SRC\Touch.c(237): warning:  #177-D: variable "tp_adj" was declared but never referenced
..\HardConfig\SRC\Touch.c(133): warning:  #177-D: function "Get_TP_BUSY" was declared but never referenced
..\HardConfig\SRC\Touch.c(345): warning:  #550-D: variable "temp" was set but never used
linking...
Program Size: Code=9804 RO-data=336 RW-data=3828 ZI-data=1652  
"..\output\LEDs.axf" - 0 Errors, 3 Warning(s).
Load "..\\output\\LEDs.axf" 
Set JLink Project File to "I:\ProgramModule\tianwen_elec_VCT6\Test_17_LCD时钟2\Project\JLinkSettings.ini"
* JLink Info: Device "STM32F103VC" selected (256 KB flash, 48 KB RAM).
 
JLink info:
------------
DLL: V4.68a, compiled Apr 12 2013 13:26:50
Firmware: J-Link ARM V8 compiled Nov 28 2014 13:44:46
Hardware: V8.00
S/N : 99999994 
Feature(s) : RDI,FlashDL,FlashBP,JFlash,GDBFULL 
 
* JLink Info: Found SWD-DP with ID 0x1BA01477
* JLink Info: Found SWD-DP with ID 0x1BA01477
* JLink Info: TPIU fitted.
* JLink Info: ETM fitted.
* JLink Info: FPUnit: 6 code (BP) slots and 2 literal slots
* JLink Info: Found Cortex-M3 r1p1, Little endian.
ROMTableAddr = 0xE00FF003
 
Target info:
------------
Device: STM32F103VC
VTarget = 3.280V
State of Pins: 
TCK: 0, TDI: 1, TDO: 1, TMS: 1, TRES: 1, TRST: 1
Hardware-Breakpoints: 6
Software-Breakpoints: 8192
Watchpoints:          4
JTAG speed: 2000 kHz
 
Erase Done.
Programming Done.
Verify OK.
Build target 'STM32Project'
compiling Touch.c...
..\HardConfig\SRC\Touch.c(237): warning:  #177-D: variable "tp_adj" was declared but never referenced
..\HardConfig\SRC\Touch.c(133): warning:  #177-D: function "Get_TP_BUSY" was declared but never referenced
..\HardConfig\SRC\Touch.c(345): warning:  #550-D: variable "temp" was set but never used
linking...
Program Size: Code=9808 RO-data=336 RW-data=3828 ZI-data=1652  
"..\output\LEDs.axf" - 0 Errors, 3 Warning(s).
Build target 'STM32Project'
compiling Touch.c...
..\HardConfig\SRC\Touch.c(237): warning:  #177-D: variable "tp_adj" was declared but never referenced
..\HardConfig\SRC\Touch.c(133): warning:  #177-D: function "Get_TP_BUSY" was declared but never referenced
..\HardConfig\SRC\Touch.c(345): warning:  #550-D: variable "temp" was set but never used
linking...
Program Size: Code=9804 RO-data=336 RW-data=3828 ZI-data=1652  
"..\output\LEDs.axf" - 0 Errors, 3 Warning(s).
Load "..\\output\\LEDs.axf" 
Set JLink Project File to "I:\ProgramModule\tianwen_elec_VCT6\Test_17_LCD时钟2\Project\JLinkSettings.ini"
* JLink Info: Device "STM32F103VC" selected (256 KB flash, 48 KB RAM).
 
JLink info:
------------
DLL: V4.68a, compiled Apr 12 2013 13:26:50
Firmware: J-Link ARM V8 compiled Nov 28 2014 13:44:46
Hardware: V8.00
S/N : 99999994 
Feature(s) : RDI,FlashDL,FlashBP,JFlash,GDBFULL 
 
* JLink Info: Found SWD-DP with ID 0x1BA01477
* JLink Info: Found SWD-DP with ID 0x1BA01477
* JLink Info: TPIU fitted.
* JLink Info: ETM fitted.
* JLink Info: FPUnit: 6 code (BP) slots and 2 literal slots
* JLink Info: Found Cortex-M3 r1p1, Little endian.
ROMTableAddr = 0xE00FF003
 
Target info:
------------
Device: STM32F103VC
VTarget = 3.248V
State of Pins: 
TCK: 0, TDI: 1, TDO: 1, TMS: 1, TRES: 1, TRST: 1
Hardware-Breakpoints: 6
Software-Breakpoints: 8192
Watchpoints:          4
JTAG speed: 2000 kHz
 
Erase Done.
Programming Done.
Verify OK.
Build target 'STM32Project'
compiling Touch.c...
..\HardConfig\SRC\Touch.c(237): warning:  #177-D: variable "tp_adj" was declared but never referenced
..\HardConfig\SRC\Touch.c(133): warning:  #177-D: function "Get_TP_BUSY" was declared but never referenced
..\HardConfig\SRC\Touch.c(345): warning:  #550-D: variable "temp" was set but never used
linking...
Program Size: Code=9800 RO-data=336 RW-data=3828 ZI-data=1652  
"..\output\LEDs.axf" - 0 Errors, 3 Warning(s).
Build target 'STM32Project'
linking...
Program Size: Code=9800 RO-data=336 RW-data=3828 ZI-data=1652  
"..\output\LEDs.axf" - 0 Errors, 0 Warning(s).
Load "..\\output\\LEDs.axf" 
Set JLink Project File to "I:\ProgramModule\tianwen_elec_VCT6\Test_17_LCD时钟2\Project\JLinkSettings.ini"
* JLink Info: Device "STM32F103VC" selected (256 KB flash, 48 KB RAM).
 
JLink info:
------------
DLL: V4.68a, compiled Apr 12 2013 13:26:50
Firmware: J-Link ARM V8 compiled Nov 28 2014 13:44:46
Hardware: V8.00
S/N : 99999994 
Feature(s) : RDI,FlashDL,FlashBP,JFlash,GDBFULL 
 
* JLink Info: Found SWD-DP with ID 0x1BA01477
* JLink Info: Found SWD-DP with ID 0x1BA01477
* JLink Info: TPIU fitted.
* JLink Info: ETM fitted.
* JLink Info: FPUnit: 6 code (BP) slots and 2 literal slots
* JLink Info: Found Cortex-M3 r1p1, Little endian.
ROMTableAddr = 0xE00FF003
 
Target info:
------------
Device: STM32F103VC
VTarget = 3.235V
State of Pins: 
TCK: 0, TDI: 1, TDO: 1, TMS: 1, TRES: 1, TRST: 1
Hardware-Breakpoints: 6
Software-Breakpoints: 8192
Watchpoints:          4
JTAG speed: 2000 kHz
 
Erase Done.
Programming Done.
Verify OK.
Build target 'STM32Project'
compiling Touch.c...
..\HardConfig\SRC\Touch.c(237): warning:  #177-D: variable "tp_adj" was declared but never referenced
..\HardConfig\SRC\Touch.c(133): warning:  #177-D: function "Get_TP_BUSY" was declared but never referenced
..\HardConfig\SRC\Touch.c(345): warning:  #550-D: variable "temp" was set but never used
linking...
Program Size: Code=9800 RO-data=336 RW-data=3828 ZI-data=1652  
"..\output\LEDs.axf" - 0 Errors, 3 Warning(s).
Load "..\\output\\LEDs.axf" 
Set JLink Project File to "I:\ProgramModule\tianwen_elec_VCT6\Test_17_LCD时钟2\Project\JLinkSettings.ini"
* JLink Info: Device "STM32F103VC" selected (256 KB flash, 48 KB RAM).
 
JLink info:
------------
DLL: V4.68a, compiled Apr 12 2013 13:26:50
Firmware: J-Link ARM V8 compiled Nov 28 2014 13:44:46
Hardware: V8.00
S/N : 99999994 
Feature(s) : RDI,FlashDL,FlashBP,JFlash,GDBFULL 
 
* JLink Info: Found SWD-DP with ID 0x1BA01477
* JLink Info: Found SWD-DP with ID 0x1BA01477
* JLink Info: TPIU fitted.
* JLink Info: ETM fitted.
* JLink Info: FPUnit: 6 code (BP) slots and 2 literal slots
* JLink Info: Found Cortex-M3 r1p1, Little endian.
ROMTableAddr = 0xE00FF003
 
Target info:
------------
Device: STM32F103VC
VTarget = 3.235V
State of Pins: 
TCK: 0, TDI: 1, TDO: 1, TMS: 1, TRES: 1, TRST: 1
Hardware-Breakpoints: 6
Software-Breakpoints: 8192
Watchpoints:          4
JTAG speed: 2000 kHz
 
Erase Done.
Programming Done.
Verify OK.
Build target 'STM32Project'
compiling Touch.c...
..\HardConfig\SRC\Touch.c(237): warning:  #177-D: variable "tp_adj" was declared but never referenced
..\HardConfig\SRC\Touch.c(133): warning:  #177-D: function "Get_TP_BUSY" was declared but never referenced
..\HardConfig\SRC\Touch.c(345): warning:  #177-D: variable "temp" was declared but never referenced
linking...
Program Size: Code=9792 RO-data=336 RW-data=3828 ZI-data=1652  
"..\output\LEDs.axf" - 0 Errors, 3 Warning(s).
Load "..\\output\\LEDs.axf" 
Set JLink Project File to "I:\ProgramModule\tianwen_elec_VCT6\Test_17_LCD时钟2\Project\JLinkSettings.ini"
* JLink Info: Device "STM32F103VC" selected (256 KB flash, 48 KB RAM).
 
JLink info:
------------
DLL: V4.68a, compiled Apr 12 2013 13:26:50
Firmware: J-Link ARM V8 compiled Nov 28 2014 13:44:46
Hardware: V8.00
S/N : 99999994 
Feature(s) : RDI,FlashDL,FlashBP,JFlash,GDBFULL 
 
* JLink Info: Found SWD-DP with ID 0x1BA01477
* JLink Info: Found SWD-DP with ID 0x1BA01477
* JLink Info: TPIU fitted.
* JLink Info: ETM fitted.
* JLink Info: FPUnit: 6 code (BP) slots and 2 literal slots
* JLink Info: Found Cortex-M3 r1p1, Little endian.
ROMTableAddr = 0xE00FF003
 
Target info:
------------
Device: STM32F103VC
VTarget = 3.235V
State of Pins: 
TCK: 0, TDI: 0, TDO: 1, TMS: 1, TRES: 1, TRST: 1
Hardware-Breakpoints: 6
Software-Breakpoints: 8192
Watchpoints:          4
JTAG speed: 2000 kHz
 
Erase Done.
Programming Done.
Verify OK.
Build target 'STM32Project'
compiling Touch.c...
..\HardConfig\SRC\Touch.c(237): warning:  #177-D: variable "tp_adj" was declared but never referenced
..\HardConfig\SRC\Touch.c(133): warning:  #177-D: function "Get_TP_BUSY" was declared but never referenced
..\HardConfig\SRC\Touch.c(345): warning:  #550-D: variable "temp" was set but never used
linking...
Program Size: Code=9880 RO-data=336 RW-data=3828 ZI-data=1652  
"..\output\LEDs.axf" - 0 Errors, 3 Warning(s).
Load "..\\output\\LEDs.axf" 
Set JLink Project File to "I:\ProgramModule\tianwen_elec_VCT6\Test_17_LCD时钟2\Project\JLinkSettings.ini"
* JLink Info: Device "STM32F103VC" selected (256 KB flash, 48 KB RAM).
 
JLink info:
------------
DLL: V4.68a, compiled Apr 12 2013 13:26:50
Firmware: J-Link ARM V8 compiled Nov 28 2014 13:44:46
Hardware: V8.00
S/N : 99999994 
Feature(s) : RDI,FlashDL,FlashBP,JFlash,GDBFULL 
 
* JLink Info: Found SWD-DP with ID 0x1BA01477
* JLink Info: Found SWD-DP with ID 0x1BA01477
* JLink Info: TPIU fitted.
* JLink Info: ETM fitted.
* JLink Info: FPUnit: 6 code (BP) slots and 2 literal slots
* JLink Info: Found Cortex-M3 r1p1, Little endian.
ROMTableAddr = 0xE00FF003
 
Target info:
------------
Device: STM32F103VC
VTarget = 3.215V
State of Pins: 
TCK: 0, TDI: 1, TDO: 1, TMS: 1, TRES: 1, TRST: 1
Hardware-Breakpoints: 6
Software-Breakpoints: 8192
Watchpoints:          4
JTAG speed: 2000 kHz
 
Erase Done.
Programming Done.
Verify OK.
Build target 'STM32Project'
compiling main.c...
compiling Touch.c...
..\HardConfig\SRC\Touch.c(237): warning:  #177-D: variable "tp_adj" was declared but never referenced
..\HardConfig\SRC\Touch.c(133): warning:  #177-D: function "Get_TP_BUSY" was declared but never referenced
..\HardConfig\SRC\Touch.c(345): warning:  #550-D: variable "temp" was set but never used
linking...
Program Size: Code=9888 RO-data=336 RW-data=3828 ZI-data=1652  
"..\output\LEDs.axf" - 0 Errors, 3 Warning(s).
Load "..\\output\\LEDs.axf" 
Set JLink Project File to "I:\ProgramModule\tianwen_elec_VCT6\Test_17_LCD时钟2\Project\JLinkSettings.ini"
* JLink Info: Device "STM32F103VC" selected (256 KB flash, 48 KB RAM).
 
JLink info:
------------
DLL: V4.68a, compiled Apr 12 2013 13:26:50
Firmware: J-Link ARM V8 compiled Nov 28 2014 13:44:46
Hardware: V8.00
S/N : 99999994 
Feature(s) : RDI,FlashDL,FlashBP,JFlash,GDBFULL 
 
* JLink Info: Found SWD-DP with ID 0x1BA01477
* JLink Info: Found SWD-DP with ID 0x1BA01477
* JLink Info: TPIU fitted.
* JLink Info: ETM fitted.
* JLink Info: FPUnit: 6 code (BP) slots and 2 literal slots
* JLink Info: Found Cortex-M3 r1p1, Little endian.
ROMTableAddr = 0xE00FF003
 
Target info:
------------
Device: STM32F103VC
VTarget = 3.215V
State of Pins: 
TCK: 0, TDI: 1, TDO: 1, TMS: 1, TRES: 1, TRST: 1
Hardware-Breakpoints: 6
Software-Breakpoints: 8192
Watchpoints:          4
JTAG speed: 2000 kHz
 
Erase Done.
Programming Done.
Verify OK.
Build target 'STM32Project'
linking...
Program Size: Code=9888 RO-data=336 RW-data=3828 ZI-data=1652  
"..\output\LEDs.axf" - 0 Errors, 0 Warning(s).
Load "..\\output\\LEDs.axf" 
Set JLink Project File to "I:\ProgramModule\tianwen_elec_VCT6\Test_17_LCD时钟2\Project\JLinkSettings.ini"
* JLink Info: Device "STM32F103VC" selected (256 KB flash, 48 KB RAM).
 
JLink info:
------------
DLL: V4.68a, compiled Apr 12 2013 13:26:50
Firmware: J-Link ARM V8 compiled Nov 28 2014 13:44:46
Hardware: V8.00
S/N : 99999994 
Feature(s) : RDI,FlashDL,FlashBP,JFlash,GDBFULL 
 
* JLink Info: Found SWD-DP with ID 0x1BA01477
* JLink Info: Found SWD-DP with ID 0x1BA01477
* JLink Info: TPIU fitted.
* JLink Info: ETM fitted.
* JLink Info: FPUnit: 6 code (BP) slots and 2 literal slots
* JLink Info: Found Cortex-M3 r1p1, Little endian.
ROMTableAddr = 0xE00FF003
 
Target info:
------------
Device: STM32F103VC
VTarget = 3.215V
State of Pins: 
TCK: 0, TDI: 1, TDO: 1, TMS: 1, TRES: 1, TRST: 1
Hardware-Breakpoints: 6
Software-Breakpoints: 8192
Watchpoints:          4
JTAG speed: 2000 kHz
 
Erase Done.
Programming Done.
Verify OK.
Build target 'STM32Project'
compiling Touch.c...
..\HardConfig\SRC\Touch.c(237): warning:  #177-D: variable "tp_adj" was declared but never referenced
..\HardConfig\SRC\Touch.c(133): warning:  #177-D: function "Get_TP_BUSY" was declared but never referenced
..\HardConfig\SRC\Touch.c(345): warning:  #550-D: variable "temp" was set but never used
linking...
Program Size: Code=9888 RO-data=336 RW-data=3828 ZI-data=1652  
"..\output\LEDs.axf" - 0 Errors, 3 Warning(s).
Load "..\\output\\LEDs.axf" 
Set JLink Project File to "I:\ProgramModule\tianwen_elec_VCT6\Test_17_LCD时钟2\Project\JLinkSettings.ini"
* JLink Info: Device "STM32F103VC" selected (256 KB flash, 48 KB RAM).
 
JLink info:
------------
DLL: V4.68a, compiled Apr 12 2013 13:26:50
Firmware: J-Link ARM V8 compiled Nov 28 2014 13:44:46
Hardware: V8.00
S/N : 99999994 
Feature(s) : RDI,FlashDL,FlashBP,JFlash,GDBFULL 
 
* JLink Info: Found SWD-DP with ID 0x1BA01477
* JLink Info: Found SWD-DP with ID 0x1BA01477
* JLink Info: TPIU fitted.
* JLink Info: ETM fitted.
* JLink Info: FPUnit: 6 code (BP) slots and 2 literal slots
* JLink Info: Found Cortex-M3 r1p1, Little endian.
ROMTableAddr = 0xE00FF003
 
Target info:
------------
Device: STM32F103VC
VTarget = 3.202V
State of Pins: 
TCK: 0, TDI: 1, TDO: 1, TMS: 1, TRES: 1, TRST: 1
Hardware-Breakpoints: 6
Software-Breakpoints: 8192
Watchpoints:          4
JTAG speed: 2000 kHz
 
Erase Done.
Programming Done.
Verify OK.
Build target 'STM32Project'
linking...
Program Size: Code=9888 RO-data=336 RW-data=3828 ZI-data=1652  
"..\output\LEDs.axf" - 0 Errors, 0 Warning(s).
Load "..\\output\\LEDs.axf" 
Set JLink Project File to "I:\ProgramModule\tianwen_elec_VCT6\Test_17_LCD时钟2\Project\JLinkSettings.ini"
* JLink Info: Device "STM32F103VC" selected (256 KB flash, 48 KB RAM).
 
JLink info:
------------
DLL: V4.68a, compiled Apr 12 2013 13:26:50
Firmware: J-Link ARM V8 compiled Nov 28 2014 13:44:46
Hardware: V8.00
S/N : 99999994 
Feature(s) : RDI,FlashDL,FlashBP,JFlash,GDBFULL 
 
* JLink Info: Found SWD-DP with ID 0x1BA01477
* JLink Info: Found SWD-DP with ID 0x1BA01477
* JLink Info: TPIU fitted.
* JLink Info: ETM fitted.
* JLink Info: FPUnit: 6 code (BP) slots and 2 literal slots
* JLink Info: Found Cortex-M3 r1p1, Little endian.
ROMTableAddr = 0xE00FF003
 
Target info:
------------
Device: STM32F103VC
VTarget = 3.209V
State of Pins: 
TCK: 0, TDI: 1, TDO: 1, TMS: 1, TRES: 1, TRST: 1
Hardware-Breakpoints: 6
Software-Breakpoints: 8192
Watchpoints:          4
JTAG speed: 2000 kHz
 
Erase Done.
Programming Done.
Verify OK.
Build target 'STM32Project'
compiling Touch.c...
..\HardConfig\SRC\Touch.c(237): warning:  #177-D: variable "tp_adj" was declared but never referenced
..\HardConfig\SRC\Touch.c(133): warning:  #177-D: function "Get_TP_BUSY" was declared but never referenced
..\HardConfig\SRC\Touch.c(345): warning:  #550-D: variable "temp" was set but never used
linking...
Program Size: Code=9888 RO-data=336 RW-data=3828 ZI-data=1652  
"..\output\LEDs.axf" - 0 Errors, 3 Warning(s).
Load "..\\output\\LEDs.axf" 
Set JLink Project File to "I:\ProgramModule\tianwen_elec_VCT6\Test_17_LCD时钟2\Project\JLinkSettings.ini"
* JLink Info: Device "STM32F103VC" selected (256 KB flash, 48 KB RAM).
 
JLink info:
------------
DLL: V4.68a, compiled Apr 12 2013 13:26:50
Firmware: J-Link ARM V8 compiled Nov 28 2014 13:44:46
Hardware: V8.00
S/N : 99999994 
Feature(s) : RDI,FlashDL,FlashBP,JFlash,GDBFULL 
 
* JLink Info: Found SWD-DP with ID 0x1BA01477
* JLink Info: Found SWD-DP with ID 0x1BA01477
* JLink Info: TPIU fitted.
* JLink Info: ETM fitted.
* JLink Info: FPUnit: 6 code (BP) slots and 2 literal slots
* JLink Info: Found Cortex-M3 r1p1, Little endian.
ROMTableAddr = 0xE00FF003
 
Target info:
------------
Device: STM32F103VC
VTarget = 3.215V
State of Pins: 
TCK: 0, TDI: 1, TDO: 1, TMS: 1, TRES: 1, TRST: 1
Hardware-Breakpoints: 6
Software-Breakpoints: 8192
Watchpoints:          4
JTAG speed: 2000 kHz
 
Erase Done.
Programming Done.
Verify OK.
Build target 'STM32Project'
compiling Touch.c...
..\HardConfig\SRC\Touch.c(238): warning:  #177-D: variable "tp_adj" was declared but never referenced
..\HardConfig\SRC\Touch.c(350): warning:  #550-D: variable "temp" was set but never used
..\HardConfig\SRC\Touch.c(133): warning:  #177-D: function "Get_TP_BUSY" was declared but never referenced
linking...
Program Size: Code=9916 RO-data=336 RW-data=3820 ZI-data=1668  
"..\output\LEDs.axf" - 0 Errors, 3 Warning(s).
Load "..\\output\\LEDs.axf" 
Set JLink Project File to "I:\ProgramModule\tianwen_elec_VCT6\Test_17_LCD时钟2\Project\JLinkSettings.ini"
* JLink Info: Device "STM32F103VC" selected (256 KB flash, 48 KB RAM).
 
JLink info:
------------
DLL: V4.68a, compiled Apr 12 2013 13:26:50
Firmware: J-Link ARM V8 compiled Nov 28 2014 13:44:46
Hardware: V8.00
S/N : 99999994 
Feature(s) : RDI,FlashDL,FlashBP,JFlash,GDBFULL 
 
* JLink Info: Found SWD-DP with ID 0x1BA01477
* JLink Info: Found SWD-DP with ID 0x1BA01477
* JLink Info: TPIU fitted.
* JLink Info: ETM fitted.
* JLink Info: FPUnit: 6 code (BP) slots and 2 literal slots
* JLink Info: Found Cortex-M3 r1p1, Little endian.
ROMTableAddr = 0xE00FF003
 
Target info:
------------
Device: STM32F103VC
VTarget = 3.209V
State of Pins: 
TCK: 0, TDI: 1, TDO: 1, TMS: 1, TRES: 1, TRST: 1
Hardware-Breakpoints: 6
Software-Breakpoints: 8192
Watchpoints:          4
JTAG speed: 2000 kHz
 
Erase Done.
Programming Done.
Verify OK.
Build target 'STM32Project'
compiling Touch.c...
..\HardConfig\SRC\Touch.c(238): warning:  #177-D: variable "tp_adj" was declared but never referenced
..\HardConfig\SRC\Touch.c(350): warning:  #550-D: variable "temp" was set but never used
..\HardConfig\SRC\Touch.c(133): warning:  #177-D: function "Get_TP_BUSY" was declared but never referenced
linking...
Program Size: Code=9916 RO-data=336 RW-data=3820 ZI-data=1668  
"..\output\LEDs.axf" - 0 Errors, 3 Warning(s).
Load "..\\output\\LEDs.axf" 
Set JLink Project File to "I:\ProgramModule\tianwen_elec_VCT6\Test_17_LCD时钟2\Project\JLinkSettings.ini"
* JLink Info: Device "STM32F103VC" selected (256 KB flash, 48 KB RAM).
 
JLink info:
------------
DLL: V4.68a, compiled Apr 12 2013 13:26:50
Firmware: J-Link ARM V8 compiled Nov 28 2014 13:44:46
Hardware: V8.00
S/N : 99999994 
Feature(s) : RDI,FlashDL,FlashBP,JFlash,GDBFULL 
 
* JLink Info: Found SWD-DP with ID 0x1BA01477
* JLink Info: Found SWD-DP with ID 0x1BA01477
* JLink Info: TPIU fitted.
* JLink Info: ETM fitted.
* JLink Info: FPUnit: 6 code (BP) slots and 2 literal slots
* JLink Info: Found Cortex-M3 r1p1, Little endian.
ROMTableAddr = 0xE00FF003
 
Target info:
------------
Device: STM32F103VC
VTarget = 3.202V
State of Pins: 
TCK: 0, TDI: 1, TDO: 1, TMS: 1, TRES: 1, TRST: 1
Hardware-Breakpoints: 6
Software-Breakpoints: 8192
Watchpoints:          4
JTAG speed: 2000 kHz
 
Erase Done.
Programming Done.
Verify OK.
Build target 'STM32Project'
compiling Touch.c...
..\HardConfig\SRC\Touch.c(238): warning:  #177-D: variable "tp_adj" was declared but never referenced
..\HardConfig\SRC\Touch.c(350): warning:  #550-D: variable "temp" was set but never used
..\HardConfig\SRC\Touch.c(133): warning:  #177-D: function "Get_TP_BUSY" was declared but never referenced
linking...
Program Size: Code=9916 RO-data=336 RW-data=3820 ZI-data=1668  
"..\output\LEDs.axf" - 0 Errors, 3 Warning(s).
Load "..\\output\\LEDs.axf" 
Set JLink Project File to "I:\ProgramModule\tianwen_elec_VCT6\Test_17_LCD时钟2\Project\JLinkSettings.ini"
* JLink Info: Device "STM32F103VC" selected (256 KB flash, 48 KB RAM).
 
JLink info:
------------
DLL: V4.68a, compiled Apr 12 2013 13:26:50
Firmware: J-Link ARM V8 compiled Nov 28 2014 13:44:46
Hardware: V8.00
S/N : 99999994 
Feature(s) : RDI,FlashDL,FlashBP,JFlash,GDBFULL 
 
* JLink Info: Found SWD-DP with ID 0x1BA01477
* JLink Info: Found SWD-DP with ID 0x1BA01477
* JLink Info: TPIU fitted.
* JLink Info: ETM fitted.
* JLink Info: FPUnit: 6 code (BP) slots and 2 literal slots
* JLink Info: Found Cortex-M3 r1p1, Little endian.
ROMTableAddr = 0xE00FF003
 
Target info:
------------
Device: STM32F103VC
VTarget = 3.235V
State of Pins: 
TCK: 0, TDI: 1, TDO: 1, TMS: 1, TRES: 1, TRST: 1
Hardware-Breakpoints: 6
Software-Breakpoints: 8192
Watchpoints:          4
JTAG speed: 2000 kHz
 
Erase Done.
Programming Done.
Verify OK.
Build target 'STM32Project'
compiling Touch.c...
..\HardConfig\SRC\Touch.c(238): warning:  #177-D: variable "tp_adj" was declared but never referenced
..\HardConfig\SRC\Touch.c(350): warning:  #550-D: variable "temp" was set but never used
..\HardConfig\SRC\Touch.c(133): warning:  #177-D: function "Get_TP_BUSY" was declared but never referenced
linking...
Program Size: Code=9916 RO-data=336 RW-data=3820 ZI-data=1668  
"..\output\LEDs.axf" - 0 Errors, 3 Warning(s).
Build target 'STM32Project'
compiling Touch.c...
..\HardConfig\SRC\Touch.c(238): warning:  #177-D: variable "tp_adj" was declared but never referenced
..\HardConfig\SRC\Touch.c(350): warning:  #550-D: variable "temp" was set but never used
..\HardConfig\SRC\Touch.c(133): warning:  #177-D: function "Get_TP_BUSY" was declared but never referenced
linking...
Program Size: Code=9916 RO-data=336 RW-data=3820 ZI-data=1668  
"..\output\LEDs.axf" - 0 Errors, 3 Warning(s).
Load "..\\output\\LEDs.axf" 
Set JLink Project File to "I:\ProgramModule\tianwen_elec_VCT6\Test_17_LCD时钟2\Project\JLinkSettings.ini"
* JLink Info: Device "STM32F103VC" selected (256 KB flash, 48 KB RAM).
 
JLink info:
------------
DLL: V4.68a, compiled Apr 12 2013 13:26:50
Firmware: J-Link ARM V8 compiled Nov 28 2014 13:44:46
Hardware: V8.00
S/N : 99999994 
Feature(s) : RDI,FlashDL,FlashBP,JFlash,GDBFULL 
 
* JLink Info: Found SWD-DP with ID 0x1BA01477
* JLink Info: Found SWD-DP with ID 0x1BA01477
* JLink Info: TPIU fitted.
* JLink Info: ETM fitted.
* JLink Info: FPUnit: 6 code (BP) slots and 2 literal slots
* JLink Info: Found Cortex-M3 r1p1, Little endian.
ROMTableAddr = 0xE00FF003
 
Target info:
------------
Device: STM32F103VC
VTarget = 3.209V
State of Pins: 
TCK: 0, TDI: 1, TDO: 1, TMS: 1, TRES: 1, TRST: 1
Hardware-Breakpoints: 6
Software-Breakpoints: 8192
Watchpoints:          4
JTAG speed: 2000 kHz
 
Erase Done.
Programming Done.
Verify OK.
