Component: ARM Compiler 5.06 update 6 (build 750) Tool: armlink [4d35ed]

==============================================================================

Section Cross References

    startup_stm32f10x_hd.o(RESET) refers to startup_stm32f10x_hd.o(STACK) for __initial_sp
    startup_stm32f10x_hd.o(RESET) refers to startup_stm32f10x_hd.o(.text) for Reset_Handler
    startup_stm32f10x_hd.o(RESET) refers to stm32f10x_it.o(.text) for NMI_Handler
    startup_stm32f10x_hd.o(.text) refers to system_stm32f10x.o(.text) for SystemInit
    startup_stm32f10x_hd.o(.text) refers to entry.o(.ARM.Collect$$$$00000000) for __main
    system_stm32f10x.o(.text) refers to system_stm32f10x.o(.data) for SystemCoreClock
    main.o(.text) refers to led_config.o(.text) for LED_Init
    main.o(.text) refers to lcd_ili9325.o(.text) for LCD_IO_Init
    main.o(.text) refers to pcf8563.o(.text) for PCF8563_IO_initial
    main.o(.text) refers to touch.o(.text) for Touch_IO_init
    stm32f10x_rcc.o(.text) refers to stm32f10x_rcc.o(.data) for APBAHBPrescTable
    stm32f10x_gpio.o(.text) refers to stm32f10x_rcc.o(.text) for RCC_APB2PeriphResetCmd
    led_config.o(.text) refers to stm32f10x_rcc.o(.text) for RCC_APB2PeriphClockCmd
    led_config.o(.text) refers to stm32f10x_gpio.o(.text) for GPIO_Init
    lcd_ili9325.o(.text) refers to stm32f10x_rcc.o(.text) for RCC_APB2PeriphClockCmd
    lcd_ili9325.o(.text) refers to stm32f10x_gpio.o(.text) for GPIO_Init
    lcd_ili9325.o(.text) refers to lcd_ili9325.o(.data) for font8
    pcf8563.o(.text) refers to stm32f10x_rcc.o(.text) for RCC_APB2PeriphClockCmd
    pcf8563.o(.text) refers to stm32f10x_gpio.o(.text) for GPIO_PinRemapConfig
    pcf8563.o(.text) refers to lcd_ili9325.o(.text) for Put_number
    touch.o(.text) refers to stm32f10x_rcc.o(.text) for RCC_APB2PeriphClockCmd
    touch.o(.text) refers to stm32f10x_gpio.o(.text) for GPIO_Init
    touch.o(.text) refers to lcd_ili9325.o(.text) for Draw_Line
    touch.o(.text) refers to dfltui.o(.text) for __aeabi_ui2d
    touch.o(.text) refers to sqrt.o(i.sqrt) for sqrt
    touch.o(.text) refers to dfixui.o(.text) for __aeabi_d2uiz
    touch.o(.text) refers to ffltui.o(.text) for __aeabi_ui2f
    touch.o(.text) refers to fdiv.o(.text) for __aeabi_fdiv
    touch.o(.text) refers to f2d.o(.text) for __aeabi_f2d
    touch.o(.text) refers to cdcmple.o(.text) for __aeabi_cdcmple
    touch.o(.text) refers to cdrcmple.o(.text) for __aeabi_cdrcmple
    touch.o(.text) refers to fflti.o(.text) for __aeabi_i2f
    touch.o(.text) refers to fmul.o(.text) for __aeabi_fmul
    touch.o(.text) refers to fadd.o(.text) for __aeabi_frsub
    touch.o(.text) refers to ffixui.o(.text) for __aeabi_f2uiz
    touch.o(.text) refers to touch.o(.bss) for tp_point
    sqrt.o(i.__softfp_sqrt) refers (Special) to iusefp.o(.text) for __I$use$fp
    sqrt.o(i.__softfp_sqrt) refers to dsqrt.o(.text) for _dsqrt
    sqrt.o(i.__softfp_sqrt) refers to errno.o(i.__set_errno) for __set_errno
    sqrt.o(i.sqrt) refers (Special) to iusefp.o(.text) for __I$use$fp
    sqrt.o(i.sqrt) refers to dsqrt.o(.text) for _dsqrt
    sqrt.o(i.sqrt) refers to errno.o(i.__set_errno) for __set_errno
    sqrt_x.o(i.____softfp_sqrt$lsc) refers (Special) to iusefp.o(.text) for __I$use$fp
    sqrt_x.o(i.____softfp_sqrt$lsc) refers to cdcmple.o(.text) for __aeabi_cdcmple
    sqrt_x.o(i.____softfp_sqrt$lsc) refers to errno.o(i.__set_errno) for __set_errno
    sqrt_x.o(i.____softfp_sqrt$lsc) refers to dsqrt.o(.text) for _dsqrt
    sqrt_x.o(i.__sqrt$lsc) refers (Special) to iusefp.o(.text) for __I$use$fp
    sqrt_x.o(i.__sqrt$lsc) refers to cdcmple.o(.text) for __aeabi_cdcmple
    sqrt_x.o(i.__sqrt$lsc) refers to errno.o(i.__set_errno) for __set_errno
    sqrt_x.o(i.__sqrt$lsc) refers to dsqrt.o(.text) for _dsqrt
    entry.o(.ARM.Collect$$$$00000000) refers (Special) to entry10a.o(.ARM.Collect$$$$0000000D) for __rt_final_cpp
    entry.o(.ARM.Collect$$$$00000000) refers (Special) to entry11a.o(.ARM.Collect$$$$0000000F) for __rt_final_exit
    entry.o(.ARM.Collect$$$$00000000) refers (Special) to entry7b.o(.ARM.Collect$$$$00000008) for _main_clock
    entry.o(.ARM.Collect$$$$00000000) refers (Special) to entry8b.o(.ARM.Collect$$$$0000000A) for _main_cpp_init
    entry.o(.ARM.Collect$$$$00000000) refers (Special) to entry9a.o(.ARM.Collect$$$$0000000B) for _main_init
    entry.o(.ARM.Collect$$$$00000000) refers (Special) to entry5.o(.ARM.Collect$$$$00000004) for _main_scatterload
    entry.o(.ARM.Collect$$$$00000000) refers (Special) to entry2.o(.ARM.Collect$$$$00000001) for _main_stk
    fadd.o(.text) refers (Special) to iusefp.o(.text) for __I$use$fp
    fadd.o(.text) refers to fepilogue.o(.text) for _float_epilogue
    fmul.o(.text) refers (Special) to iusefp.o(.text) for __I$use$fp
    fdiv.o(.text) refers (Special) to iusefp.o(.text) for __I$use$fp
    fdiv.o(.text) refers to fepilogue.o(.text) for _float_round
    fflti.o(.text) refers (Special) to iusefp.o(.text) for __I$use$fp
    fflti.o(.text) refers to fepilogue.o(.text) for _float_epilogue
    ffltui.o(.text) refers (Special) to iusefp.o(.text) for __I$use$fp
    ffltui.o(.text) refers to fepilogue.o(.text) for _float_epilogue
    dfltui.o(.text) refers (Special) to iusefp.o(.text) for __I$use$fp
    dfltui.o(.text) refers to depilogue.o(.text) for _double_epilogue
    ffixui.o(.text) refers (Special) to iusefp.o(.text) for __I$use$fp
    dfixui.o(.text) refers (Special) to iusefp.o(.text) for __I$use$fp
    dfixui.o(.text) refers to llushr.o(.text) for __aeabi_llsr
    f2d.o(.text) refers (Special) to iusefp.o(.text) for __I$use$fp
    cdcmple.o(.text) refers (Special) to iusefp.o(.text) for __I$use$fp
    cdrcmple.o(.text) refers (Special) to iusefp.o(.text) for __I$use$fp
    entry2.o(.ARM.Collect$$$$00000001) refers to entry2.o(.ARM.Collect$$$$00002712) for __lit__00000000
    entry2.o(.ARM.Collect$$$$00002712) refers to startup_stm32f10x_hd.o(STACK) for __initial_sp
    entry2.o(__vectab_stack_and_reset_area) refers to startup_stm32f10x_hd.o(STACK) for __initial_sp
    entry2.o(__vectab_stack_and_reset_area) refers to entry.o(.ARM.Collect$$$$00000000) for __main
    entry5.o(.ARM.Collect$$$$00000004) refers to init.o(.text) for __scatterload
    entry9a.o(.ARM.Collect$$$$0000000B) refers to main.o(.text) for main
    entry9b.o(.ARM.Collect$$$$0000000C) refers to main.o(.text) for main
    errno.o(i.__aeabi_errno_addr) refers to errno.o(.data) for .data
    errno.o(i.__read_errno) refers to errno.o(.data) for .data
    errno.o(i.__set_errno) refers to errno.o(.data) for .data
    depilogue.o(.text) refers to llshl.o(.text) for __aeabi_llsl
    depilogue.o(.text) refers to llushr.o(.text) for __aeabi_llsr
    dsqrt.o(.text) refers to llushr.o(.text) for __aeabi_llsr
    dsqrt.o(.text) refers to depilogue.o(.text) for _double_round
    init.o(.text) refers to entry5.o(.ARM.Collect$$$$00000004) for __main_after_scatterload


==============================================================================

Removing Unused input sections from the image.

    Removing startup_stm32f10x_hd.o(HEAP), (512 bytes).
    Removing main.o(.data), (4 bytes).
    Removing misc.o(.text), (220 bytes).
    Removing core_cm3.o(.emb_text), (32 bytes).

4 unused section(s) (total 768 bytes) removed from the image.

==============================================================================

Image Symbol Table

    Local Symbols

    Symbol Name                              Value     Ov Type        Size  Object(Section)

    ../clib/../cmprslib/zerorunl2.c          0x00000000   Number         0  __dczerorl2.o ABSOLUTE
    ../clib/microlib/errno.c                 0x00000000   Number         0  errno.o ABSOLUTE
    ../clib/microlib/init/entry.s            0x00000000   Number         0  entry5.o ABSOLUTE
    ../clib/microlib/init/entry.s            0x00000000   Number         0  entry7b.o ABSOLUTE
    ../clib/microlib/init/entry.s            0x00000000   Number         0  entry7a.o ABSOLUTE
    ../clib/microlib/init/entry.s            0x00000000   Number         0  entry10b.o ABSOLUTE
    ../clib/microlib/init/entry.s            0x00000000   Number         0  entry9a.o ABSOLUTE
    ../clib/microlib/init/entry.s            0x00000000   Number         0  entry11a.o ABSOLUTE
    ../clib/microlib/init/entry.s            0x00000000   Number         0  entry2.o ABSOLUTE
    ../clib/microlib/init/entry.s            0x00000000   Number         0  entry11b.o ABSOLUTE
    ../clib/microlib/init/entry.s            0x00000000   Number         0  entry10a.o ABSOLUTE
    ../clib/microlib/init/entry.s            0x00000000   Number         0  entry9b.o ABSOLUTE
    ../clib/microlib/init/entry.s            0x00000000   Number         0  entry8b.o ABSOLUTE
    ../clib/microlib/init/entry.s            0x00000000   Number         0  entry8a.o ABSOLUTE
    ../clib/microlib/init/entry.s            0x00000000   Number         0  entry.o ABSOLUTE
    ../clib/microlib/longlong.c              0x00000000   Number         0  llushr.o ABSOLUTE
    ../clib/microlib/longlong.c              0x00000000   Number         0  llshl.o ABSOLUTE
    ../clib/microlib/stubs.s                 0x00000000   Number         0  iusefp.o ABSOLUTE
    ../fplib/microlib/f2d.c                  0x00000000   Number         0  f2d.o ABSOLUTE
    ../fplib/microlib/fpadd.c                0x00000000   Number         0  fadd.o ABSOLUTE
    ../fplib/microlib/fpdiv.c                0x00000000   Number         0  fdiv.o ABSOLUTE
    ../fplib/microlib/fpepilogue.c           0x00000000   Number         0  depilogue.o ABSOLUTE
    ../fplib/microlib/fpepilogue.c           0x00000000   Number         0  fepilogue.o ABSOLUTE
    ../fplib/microlib/fpfix.c                0x00000000   Number         0  dfixui.o ABSOLUTE
    ../fplib/microlib/fpfix.c                0x00000000   Number         0  ffixui.o ABSOLUTE
    ../fplib/microlib/fpflt.c                0x00000000   Number         0  ffltui.o ABSOLUTE
    ../fplib/microlib/fpflt.c                0x00000000   Number         0  fflti.o ABSOLUTE
    ../fplib/microlib/fpflt.c                0x00000000   Number         0  dfltui.o ABSOLUTE
    ../fplib/microlib/fpmul.c                0x00000000   Number         0  fmul.o ABSOLUTE
    ../fplib/microlib/fpsqrt.c               0x00000000   Number         0  dsqrt.o ABSOLUTE
    ../mathlib/sqrt.c                        0x00000000   Number         0  sqrt.o ABSOLUTE
    ../mathlib/sqrt.c                        0x00000000   Number         0  sqrt_x.o ABSOLUTE
    ..\HardConfig\SRC\LCD_ILI9325.c          0x00000000   Number         0  lcd_ili9325.o ABSOLUTE
    ..\HardConfig\SRC\LED_Config.c           0x00000000   Number         0  led_config.o ABSOLUTE
    ..\HardConfig\SRC\PCF8563.c              0x00000000   Number         0  pcf8563.o ABSOLUTE
    ..\HardConfig\SRC\Touch.c                0x00000000   Number         0  touch.o ABSOLUTE
    ..\Libraries\CMSIS\CM3\CoreSupport\core_cm3.c 0x00000000   Number         0  core_cm3.o ABSOLUTE
    ..\Libraries\CMSIS\CM3\DeviceSupport\ST\STM32F10x\startup\arm\startup_stm32f10x_hd.s 0x00000000   Number         0  startup_stm32f10x_hd.o ABSOLUTE
    ..\Libraries\CMSIS\CM3\DeviceSupport\ST\STM32F10x\stm32f10x_it.c 0x00000000   Number         0  stm32f10x_it.o ABSOLUTE
    ..\Libraries\CMSIS\CM3\DeviceSupport\ST\STM32F10x\system_stm32f10x.c 0x00000000   Number         0  system_stm32f10x.o ABSOLUTE
    ..\Libraries\STM32F10x_StdPeriph_Driver\src\misc.c 0x00000000   Number         0  misc.o ABSOLUTE
    ..\Libraries\STM32F10x_StdPeriph_Driver\src\stm32f10x_gpio.c 0x00000000   Number         0  stm32f10x_gpio.o ABSOLUTE
    ..\Libraries\STM32F10x_StdPeriph_Driver\src\stm32f10x_rcc.c 0x00000000   Number         0  stm32f10x_rcc.o ABSOLUTE
    ..\User\src\main.c                       0x00000000   Number         0  main.o ABSOLUTE
    ..\\Libraries\\CMSIS\\CM3\\CoreSupport\\core_cm3.c 0x00000000   Number         0  core_cm3.o ABSOLUTE
    cdcmple.s                                0x00000000   Number         0  cdcmple.o ABSOLUTE
    cdrcmple.s                               0x00000000   Number         0  cdrcmple.o ABSOLUTE
    dc.s                                     0x00000000   Number         0  dc.o ABSOLUTE
    handlers.s                               0x00000000   Number         0  handlers.o ABSOLUTE
    init.s                                   0x00000000   Number         0  init.o ABSOLUTE
    RESET                                    0x08000000   Section      304  startup_stm32f10x_hd.o(RESET)
    .ARM.Collect$$$$00000000                 0x08000130   Section        0  entry.o(.ARM.Collect$$$$00000000)
    .ARM.Collect$$$$00000001                 0x08000130   Section        4  entry2.o(.ARM.Collect$$$$00000001)
    .ARM.Collect$$$$00000004                 0x08000134   Section        4  entry5.o(.ARM.Collect$$$$00000004)
    .ARM.Collect$$$$00000008                 0x08000138   Section        0  entry7b.o(.ARM.Collect$$$$00000008)
    .ARM.Collect$$$$0000000A                 0x08000138   Section        0  entry8b.o(.ARM.Collect$$$$0000000A)
    .ARM.Collect$$$$0000000B                 0x08000138   Section        8  entry9a.o(.ARM.Collect$$$$0000000B)
    .ARM.Collect$$$$0000000D                 0x08000140   Section        0  entry10a.o(.ARM.Collect$$$$0000000D)
    .ARM.Collect$$$$0000000F                 0x08000140   Section        0  entry11a.o(.ARM.Collect$$$$0000000F)
    .ARM.Collect$$$$00002712                 0x08000140   Section        4  entry2.o(.ARM.Collect$$$$00002712)
    __lit__00000000                          0x08000140   Data           4  entry2.o(.ARM.Collect$$$$00002712)
    .text                                    0x08000144   Section       36  startup_stm32f10x_hd.o(.text)
    .text                                    0x08000168   Section        0  system_stm32f10x.o(.text)
    SetSysClockTo72                          0x08000169   Thumb Code   214  system_stm32f10x.o(.text)
    SetSysClock                              0x0800023f   Thumb Code     8  system_stm32f10x.o(.text)
    .text                                    0x08000348   Section        0  main.o(.text)
    .text                                    0x080003a8   Section        0  stm32f10x_it.o(.text)
    .text                                    0x080003c4   Section        0  stm32f10x_rcc.o(.text)
    .text                                    0x08000768   Section        0  stm32f10x_gpio.o(.text)
    .text                                    0x08000ac4   Section        0  led_config.o(.text)
    .text                                    0x08000b10   Section        0  lcd_ili9325.o(.text)
    .text                                    0x08001350   Section        0  pcf8563.o(.text)
    .text                                    0x08001998   Section        0  touch.o(.text)
    delays2                                  0x08001999   Thumb Code    28  touch.o(.text)
    SPI_sendByte                             0x08001a5d   Thumb Code   122  touch.o(.text)
    SPI_readByte                             0x08001ad7   Thumb Code    88  touch.o(.text)
    Get_TP_PEN                               0x08001b2f   Thumb Code    20  touch.o(.text)
    Get_TP_BUSY                              0x08001b43   Thumb Code    22  touch.o(.text)
    .text                                    0x0800227c   Section        0  fadd.o(.text)
    .text                                    0x0800232c   Section        0  fmul.o(.text)
    .text                                    0x08002390   Section        0  fdiv.o(.text)
    .text                                    0x0800240c   Section        0  fflti.o(.text)
    .text                                    0x0800241e   Section        0  ffltui.o(.text)
    .text                                    0x08002428   Section        0  dfltui.o(.text)
    .text                                    0x08002442   Section        0  ffixui.o(.text)
    .text                                    0x0800246a   Section        0  dfixui.o(.text)
    .text                                    0x0800249c   Section        0  f2d.o(.text)
    .text                                    0x080024c4   Section       48  cdcmple.o(.text)
    .text                                    0x080024f4   Section       48  cdrcmple.o(.text)
    .text                                    0x08002524   Section        0  llushr.o(.text)
    .text                                    0x08002544   Section        0  iusefp.o(.text)
    .text                                    0x08002544   Section        0  fepilogue.o(.text)
    .text                                    0x080025b2   Section        0  depilogue.o(.text)
    .text                                    0x0800266c   Section        0  dsqrt.o(.text)
    .text                                    0x08002710   Section       36  init.o(.text)
    .text                                    0x08002734   Section        0  llshl.o(.text)
    .text                                    0x08002752   Section        0  __dczerorl2.o(.text)
    i.__scatterload_copy                     0x080027a8   Section       14  handlers.o(i.__scatterload_copy)
    i.__scatterload_null                     0x080027b6   Section        2  handlers.o(i.__scatterload_null)
    i.__scatterload_zeroinit                 0x080027b8   Section       14  handlers.o(i.__scatterload_zeroinit)
    i.__set_errno                            0x080027c8   Section        0  errno.o(i.__set_errno)
    i.sqrt                                   0x080027d4   Section        0  sqrt.o(i.sqrt)
    .data                                    0x20000000   Section       20  system_stm32f10x.o(.data)
    .data                                    0x20000014   Section       20  stm32f10x_rcc.o(.data)
    APBAHBPrescTable                         0x20000014   Data          16  stm32f10x_rcc.o(.data)
    ADCPrescTable                            0x20000024   Data           4  stm32f10x_rcc.o(.data)
    .data                                    0x20000028   Section     3776  lcd_ili9325.o(.data)
    .data                                    0x20000ee8   Section        4  errno.o(.data)
    _errno                                   0x20000ee8   Data           4  errno.o(.data)
    .bss                                     0x20000eec   Section       36  touch.o(.bss)
    STACK                                    0x20000f10   Section     1024  startup_stm32f10x_hd.o(STACK)

    Global Symbols

    Symbol Name                              Value     Ov Type        Size  Object(Section)

    BuildAttributes$$THM_ISAv4$P$D$K$B$S$PE$A:L22UL41UL21$X:L11$S22US41US21$IEEE1$IW$USESV6$~STKCKD$USESV7$~SHL$OTIME$ROPI$IEEEJ$EBA8$MICROLIB$REQ8$PRES8$EABIv2 0x00000000   Number         0  anon$$obj.o ABSOLUTE
    __ARM_use_no_argv                        0x00000000   Number         0  main.o ABSOLUTE
    __cpp_initialize__aeabi_                  - Undefined Weak Reference
    __cxa_finalize                            - Undefined Weak Reference
    _clock_init                               - Undefined Weak Reference
    _microlib_exit                            - Undefined Weak Reference
    __Vectors_Size                           0x00000130   Number         0  startup_stm32f10x_hd.o ABSOLUTE
    __Vectors                                0x08000000   Data           4  startup_stm32f10x_hd.o(RESET)
    __Vectors_End                            0x08000130   Data           0  startup_stm32f10x_hd.o(RESET)
    __main                                   0x08000131   Thumb Code     0  entry.o(.ARM.Collect$$$$00000000)
    _main_stk                                0x08000131   Thumb Code     0  entry2.o(.ARM.Collect$$$$00000001)
    _main_scatterload                        0x08000135   Thumb Code     0  entry5.o(.ARM.Collect$$$$00000004)
    __main_after_scatterload                 0x08000139   Thumb Code     0  entry5.o(.ARM.Collect$$$$00000004)
    _main_clock                              0x08000139   Thumb Code     0  entry7b.o(.ARM.Collect$$$$00000008)
    _main_cpp_init                           0x08000139   Thumb Code     0  entry8b.o(.ARM.Collect$$$$0000000A)
    _main_init                               0x08000139   Thumb Code     0  entry9a.o(.ARM.Collect$$$$0000000B)
    __rt_final_cpp                           0x08000141   Thumb Code     0  entry10a.o(.ARM.Collect$$$$0000000D)
    __rt_final_exit                          0x08000141   Thumb Code     0  entry11a.o(.ARM.Collect$$$$0000000F)
    Reset_Handler                            0x08000145   Thumb Code     8  startup_stm32f10x_hd.o(.text)
    ADC1_2_IRQHandler                        0x0800015f   Thumb Code     0  startup_stm32f10x_hd.o(.text)
    ADC3_IRQHandler                          0x0800015f   Thumb Code     0  startup_stm32f10x_hd.o(.text)
    CAN1_RX1_IRQHandler                      0x0800015f   Thumb Code     0  startup_stm32f10x_hd.o(.text)
    CAN1_SCE_IRQHandler                      0x0800015f   Thumb Code     0  startup_stm32f10x_hd.o(.text)
    DMA1_Channel1_IRQHandler                 0x0800015f   Thumb Code     0  startup_stm32f10x_hd.o(.text)
    DMA1_Channel2_IRQHandler                 0x0800015f   Thumb Code     0  startup_stm32f10x_hd.o(.text)
    DMA1_Channel3_IRQHandler                 0x0800015f   Thumb Code     0  startup_stm32f10x_hd.o(.text)
    DMA1_Channel4_IRQHandler                 0x0800015f   Thumb Code     0  startup_stm32f10x_hd.o(.text)
    DMA1_Channel5_IRQHandler                 0x0800015f   Thumb Code     0  startup_stm32f10x_hd.o(.text)
    DMA1_Channel6_IRQHandler                 0x0800015f   Thumb Code     0  startup_stm32f10x_hd.o(.text)
    DMA1_Channel7_IRQHandler                 0x0800015f   Thumb Code     0  startup_stm32f10x_hd.o(.text)
    DMA2_Channel1_IRQHandler                 0x0800015f   Thumb Code     0  startup_stm32f10x_hd.o(.text)
    DMA2_Channel2_IRQHandler                 0x0800015f   Thumb Code     0  startup_stm32f10x_hd.o(.text)
    DMA2_Channel3_IRQHandler                 0x0800015f   Thumb Code     0  startup_stm32f10x_hd.o(.text)
    DMA2_Channel4_5_IRQHandler               0x0800015f   Thumb Code     0  startup_stm32f10x_hd.o(.text)
    EXTI0_IRQHandler                         0x0800015f   Thumb Code     0  startup_stm32f10x_hd.o(.text)
    EXTI15_10_IRQHandler                     0x0800015f   Thumb Code     0  startup_stm32f10x_hd.o(.text)
    EXTI1_IRQHandler                         0x0800015f   Thumb Code     0  startup_stm32f10x_hd.o(.text)
    EXTI2_IRQHandler                         0x0800015f   Thumb Code     0  startup_stm32f10x_hd.o(.text)
    EXTI3_IRQHandler                         0x0800015f   Thumb Code     0  startup_stm32f10x_hd.o(.text)
    EXTI4_IRQHandler                         0x0800015f   Thumb Code     0  startup_stm32f10x_hd.o(.text)
    EXTI9_5_IRQHandler                       0x0800015f   Thumb Code     0  startup_stm32f10x_hd.o(.text)
    FLASH_IRQHandler                         0x0800015f   Thumb Code     0  startup_stm32f10x_hd.o(.text)
    FSMC_IRQHandler                          0x0800015f   Thumb Code     0  startup_stm32f10x_hd.o(.text)
    I2C1_ER_IRQHandler                       0x0800015f   Thumb Code     0  startup_stm32f10x_hd.o(.text)
    I2C1_EV_IRQHandler                       0x0800015f   Thumb Code     0  startup_stm32f10x_hd.o(.text)
    I2C2_ER_IRQHandler                       0x0800015f   Thumb Code     0  startup_stm32f10x_hd.o(.text)
    I2C2_EV_IRQHandler                       0x0800015f   Thumb Code     0  startup_stm32f10x_hd.o(.text)
    PVD_IRQHandler                           0x0800015f   Thumb Code     0  startup_stm32f10x_hd.o(.text)
    RCC_IRQHandler                           0x0800015f   Thumb Code     0  startup_stm32f10x_hd.o(.text)
    RTCAlarm_IRQHandler                      0x0800015f   Thumb Code     0  startup_stm32f10x_hd.o(.text)
    RTC_IRQHandler                           0x0800015f   Thumb Code     0  startup_stm32f10x_hd.o(.text)
    SDIO_IRQHandler                          0x0800015f   Thumb Code     0  startup_stm32f10x_hd.o(.text)
    SPI1_IRQHandler                          0x0800015f   Thumb Code     0  startup_stm32f10x_hd.o(.text)
    SPI2_IRQHandler                          0x0800015f   Thumb Code     0  startup_stm32f10x_hd.o(.text)
    SPI3_IRQHandler                          0x0800015f   Thumb Code     0  startup_stm32f10x_hd.o(.text)
    TAMPER_IRQHandler                        0x0800015f   Thumb Code     0  startup_stm32f10x_hd.o(.text)
    TIM1_BRK_IRQHandler                      0x0800015f   Thumb Code     0  startup_stm32f10x_hd.o(.text)
    TIM1_CC_IRQHandler                       0x0800015f   Thumb Code     0  startup_stm32f10x_hd.o(.text)
    TIM1_TRG_COM_IRQHandler                  0x0800015f   Thumb Code     0  startup_stm32f10x_hd.o(.text)
    TIM1_UP_IRQHandler                       0x0800015f   Thumb Code     0  startup_stm32f10x_hd.o(.text)
    TIM2_IRQHandler                          0x0800015f   Thumb Code     0  startup_stm32f10x_hd.o(.text)
    TIM3_IRQHandler                          0x0800015f   Thumb Code     0  startup_stm32f10x_hd.o(.text)
    TIM4_IRQHandler                          0x0800015f   Thumb Code     0  startup_stm32f10x_hd.o(.text)
    TIM5_IRQHandler                          0x0800015f   Thumb Code     0  startup_stm32f10x_hd.o(.text)
    TIM6_IRQHandler                          0x0800015f   Thumb Code     0  startup_stm32f10x_hd.o(.text)
    TIM7_IRQHandler                          0x0800015f   Thumb Code     0  startup_stm32f10x_hd.o(.text)
    TIM8_BRK_IRQHandler                      0x0800015f   Thumb Code     0  startup_stm32f10x_hd.o(.text)
    TIM8_CC_IRQHandler                       0x0800015f   Thumb Code     0  startup_stm32f10x_hd.o(.text)
    TIM8_TRG_COM_IRQHandler                  0x0800015f   Thumb Code     0  startup_stm32f10x_hd.o(.text)
    TIM8_UP_IRQHandler                       0x0800015f   Thumb Code     0  startup_stm32f10x_hd.o(.text)
    UART4_IRQHandler                         0x0800015f   Thumb Code     0  startup_stm32f10x_hd.o(.text)
    UART5_IRQHandler                         0x0800015f   Thumb Code     0  startup_stm32f10x_hd.o(.text)
    USART1_IRQHandler                        0x0800015f   Thumb Code     0  startup_stm32f10x_hd.o(.text)
    USART2_IRQHandler                        0x0800015f   Thumb Code     0  startup_stm32f10x_hd.o(.text)
    USART3_IRQHandler                        0x0800015f   Thumb Code     0  startup_stm32f10x_hd.o(.text)
    USBWakeUp_IRQHandler                     0x0800015f   Thumb Code     0  startup_stm32f10x_hd.o(.text)
    USB_HP_CAN1_TX_IRQHandler                0x0800015f   Thumb Code     0  startup_stm32f10x_hd.o(.text)
    USB_LP_CAN1_RX0_IRQHandler               0x0800015f   Thumb Code     0  startup_stm32f10x_hd.o(.text)
    WWDG_IRQHandler                          0x0800015f   Thumb Code     0  startup_stm32f10x_hd.o(.text)
    SystemInit                               0x08000247   Thumb Code    78  system_stm32f10x.o(.text)
    SystemCoreClockUpdate                    0x08000295   Thumb Code   142  system_stm32f10x.o(.text)
    main                                     0x08000349   Thumb Code    74  main.o(.text)
    NMI_Handler                              0x080003a9   Thumb Code     2  stm32f10x_it.o(.text)
    HardFault_Handler                        0x080003ab   Thumb Code     4  stm32f10x_it.o(.text)
    MemManage_Handler                        0x080003af   Thumb Code     4  stm32f10x_it.o(.text)
    BusFault_Handler                         0x080003b3   Thumb Code     4  stm32f10x_it.o(.text)
    UsageFault_Handler                       0x080003b7   Thumb Code     4  stm32f10x_it.o(.text)
    SVC_Handler                              0x080003bb   Thumb Code     2  stm32f10x_it.o(.text)
    DebugMon_Handler                         0x080003bd   Thumb Code     2  stm32f10x_it.o(.text)
    PendSV_Handler                           0x080003bf   Thumb Code     2  stm32f10x_it.o(.text)
    SysTick_Handler                          0x080003c1   Thumb Code     2  stm32f10x_it.o(.text)
    RCC_DeInit                               0x080003c5   Thumb Code    64  stm32f10x_rcc.o(.text)
    RCC_HSEConfig                            0x08000405   Thumb Code    70  stm32f10x_rcc.o(.text)
    RCC_GetFlagStatus                        0x0800044b   Thumb Code    56  stm32f10x_rcc.o(.text)
    RCC_WaitForHSEStartUp                    0x08000483   Thumb Code    56  stm32f10x_rcc.o(.text)
    RCC_AdjustHSICalibrationValue            0x080004bb   Thumb Code    20  stm32f10x_rcc.o(.text)
    RCC_HSICmd                               0x080004cf   Thumb Code     6  stm32f10x_rcc.o(.text)
    RCC_PLLConfig                            0x080004d5   Thumb Code    24  stm32f10x_rcc.o(.text)
    RCC_PLLCmd                               0x080004ed   Thumb Code     6  stm32f10x_rcc.o(.text)
    RCC_SYSCLKConfig                         0x080004f3   Thumb Code    18  stm32f10x_rcc.o(.text)
    RCC_GetSYSCLKSource                      0x08000505   Thumb Code    10  stm32f10x_rcc.o(.text)
    RCC_HCLKConfig                           0x0800050f   Thumb Code    18  stm32f10x_rcc.o(.text)
    RCC_PCLK1Config                          0x08000521   Thumb Code    18  stm32f10x_rcc.o(.text)
    RCC_PCLK2Config                          0x08000533   Thumb Code    20  stm32f10x_rcc.o(.text)
    RCC_ITConfig                             0x08000547   Thumb Code    26  stm32f10x_rcc.o(.text)
    RCC_USBCLKConfig                         0x08000561   Thumb Code     8  stm32f10x_rcc.o(.text)
    RCC_ADCCLKConfig                         0x08000569   Thumb Code    18  stm32f10x_rcc.o(.text)
    RCC_LSEConfig                            0x0800057b   Thumb Code    50  stm32f10x_rcc.o(.text)
    RCC_LSICmd                               0x080005ad   Thumb Code     6  stm32f10x_rcc.o(.text)
    RCC_RTCCLKConfig                         0x080005b3   Thumb Code    12  stm32f10x_rcc.o(.text)
    RCC_RTCCLKCmd                            0x080005bf   Thumb Code     8  stm32f10x_rcc.o(.text)
    RCC_GetClocksFreq                        0x080005c7   Thumb Code   192  stm32f10x_rcc.o(.text)
    RCC_AHBPeriphClockCmd                    0x08000687   Thumb Code    26  stm32f10x_rcc.o(.text)
    RCC_APB2PeriphClockCmd                   0x080006a1   Thumb Code    26  stm32f10x_rcc.o(.text)
    RCC_APB1PeriphClockCmd                   0x080006bb   Thumb Code    26  stm32f10x_rcc.o(.text)
    RCC_APB2PeriphResetCmd                   0x080006d5   Thumb Code    26  stm32f10x_rcc.o(.text)
    RCC_APB1PeriphResetCmd                   0x080006ef   Thumb Code    26  stm32f10x_rcc.o(.text)
    RCC_BackupResetCmd                       0x08000709   Thumb Code     8  stm32f10x_rcc.o(.text)
    RCC_ClockSecuritySystemCmd               0x08000711   Thumb Code     6  stm32f10x_rcc.o(.text)
    RCC_MCOConfig                            0x08000717   Thumb Code     6  stm32f10x_rcc.o(.text)
    RCC_ClearFlag                            0x0800071d   Thumb Code    14  stm32f10x_rcc.o(.text)
    RCC_GetITStatus                          0x0800072b   Thumb Code    20  stm32f10x_rcc.o(.text)
    RCC_ClearITPendingBit                    0x0800073f   Thumb Code     6  stm32f10x_rcc.o(.text)
    GPIO_DeInit                              0x08000769   Thumb Code   172  stm32f10x_gpio.o(.text)
    GPIO_AFIODeInit                          0x08000815   Thumb Code    20  stm32f10x_gpio.o(.text)
    GPIO_Init                                0x08000829   Thumb Code   278  stm32f10x_gpio.o(.text)
    GPIO_StructInit                          0x0800093f   Thumb Code    16  stm32f10x_gpio.o(.text)
    GPIO_ReadInputDataBit                    0x0800094f   Thumb Code    18  stm32f10x_gpio.o(.text)
    GPIO_ReadInputData                       0x08000961   Thumb Code     8  stm32f10x_gpio.o(.text)
    GPIO_ReadOutputDataBit                   0x08000969   Thumb Code    18  stm32f10x_gpio.o(.text)
    GPIO_ReadOutputData                      0x0800097b   Thumb Code     8  stm32f10x_gpio.o(.text)
    GPIO_SetBits                             0x08000983   Thumb Code     4  stm32f10x_gpio.o(.text)
    GPIO_ResetBits                           0x08000987   Thumb Code     4  stm32f10x_gpio.o(.text)
    GPIO_WriteBit                            0x0800098b   Thumb Code    10  stm32f10x_gpio.o(.text)
    GPIO_Write                               0x08000995   Thumb Code     4  stm32f10x_gpio.o(.text)
    GPIO_PinLockConfig                       0x08000999   Thumb Code    18  stm32f10x_gpio.o(.text)
    GPIO_EventOutputConfig                   0x080009ab   Thumb Code    26  stm32f10x_gpio.o(.text)
    GPIO_EventOutputCmd                      0x080009c5   Thumb Code     6  stm32f10x_gpio.o(.text)
    GPIO_PinRemapConfig                      0x080009cb   Thumb Code   138  stm32f10x_gpio.o(.text)
    GPIO_EXTILineConfig                      0x08000a55   Thumb Code    66  stm32f10x_gpio.o(.text)
    GPIO_ETH_MediaInterfaceConfig            0x08000a97   Thumb Code     8  stm32f10x_gpio.o(.text)
    LED_Init                                 0x08000ac5   Thumb Code    66  led_config.o(.text)
    LCD_IO_Init                              0x08000b11   Thumb Code    94  lcd_ili9325.o(.text)
    Write_Data                               0x08000b6f   Thumb Code    72  lcd_ili9325.o(.text)
    Write_Cmd                                0x08000bb7   Thumb Code    72  lcd_ili9325.o(.text)
    LCD_Clear                                0x08000bff   Thumb Code    32  lcd_ili9325.o(.text)
    delays                                   0x08000c1f   Thumb Code    32  lcd_ili9325.o(.text)
    Write_Cmd_Data                           0x08000c3f   Thumb Code    20  lcd_ili9325.o(.text)
    ILI9325_Initial                          0x08000c53   Thumb Code   590  lcd_ili9325.o(.text)
    Write_Data_U16                           0x08000ea1   Thumb Code    72  lcd_ili9325.o(.text)
    LCD_SetPos                               0x08000ee9   Thumb Code    92  lcd_ili9325.o(.text)
    LCD_DrawPoint                            0x08000f45   Thumb Code    32  lcd_ili9325.o(.text)
    Paint_Screen                             0x08000f65   Thumb Code    66  lcd_ili9325.o(.text)
    Put_number                               0x08000fa7   Thumb Code   108  lcd_ili9325.o(.text)
    Put1616                                  0x08001013   Thumb Code   162  lcd_ili9325.o(.text)
    LCD_PutChar8x16                          0x080010b5   Thumb Code   102  lcd_ili9325.o(.text)
    LCD_PutChar                              0x0800111b   Thumb Code    36  lcd_ili9325.o(.text)
    LCD_PutString                            0x0800113f   Thumb Code    84  lcd_ili9325.o(.text)
    PutGB3232                                0x08001193   Thumb Code   162  lcd_ili9325.o(.text)
    LCD_PutString32                          0x08001235   Thumb Code    56  lcd_ili9325.o(.text)
    Draw_Line                                0x0800126d   Thumb Code   212  lcd_ili9325.o(.text)
    PCF8563_IO_initial                       0x08001351   Thumb Code    80  pcf8563.o(.text)
    delay_us                                 0x080013a1   Thumb Code    28  pcf8563.o(.text)
    IIC1_Start                               0x080013bd   Thumb Code   102  pcf8563.o(.text)
    IIC1_Stop                                0x08001423   Thumb Code   108  pcf8563.o(.text)
    IIC1_Wait_Ack                            0x0800148f   Thumb Code   138  pcf8563.o(.text)
    IIC1_Ack_to                              0x08001519   Thumb Code   124  pcf8563.o(.text)
    IIC1_Send_1Byte                          0x08001595   Thumb Code   170  pcf8563.o(.text)
    IIC1_Receive_1Byte                       0x0800163f   Thumb Code   110  pcf8563.o(.text)
    Write_ADD_1Byte                          0x080016ad   Thumb Code    34  pcf8563.o(.text)
    Read_ADD_1Byte                           0x080016cf   Thumb Code    44  pcf8563.o(.text)
    PCF8563_initial                          0x080016fb   Thumb Code   264  pcf8563.o(.text)
    PCF8563_Read_Display_Time                0x08001803   Thumb Code   406  pcf8563.o(.text)
    Touch_IO_init                            0x080019b5   Thumb Code   168  touch.o(.text)
    SPI_TOUCH_Read_XY                        0x08001b59   Thumb Code    56  touch.o(.text)
    get_XY                                   0x08001b91   Thumb Code   182  touch.o(.text)
    TP_getXY                                 0x08001c47   Thumb Code   178  touch.o(.text)
    display_adj_cusor                        0x08001cf9   Thumb Code   344  touch.o(.text)
    TP_adjust                                0x08001e51   Thumb Code   812  touch.o(.text)
    Touch_pos_map                            0x0800217d   Thumb Code   256  touch.o(.text)
    __aeabi_fadd                             0x0800227d   Thumb Code   164  fadd.o(.text)
    __aeabi_fsub                             0x08002321   Thumb Code     6  fadd.o(.text)
    __aeabi_frsub                            0x08002327   Thumb Code     6  fadd.o(.text)
    __aeabi_fmul                             0x0800232d   Thumb Code   100  fmul.o(.text)
    __aeabi_fdiv                             0x08002391   Thumb Code   124  fdiv.o(.text)
    __aeabi_i2f                              0x0800240d   Thumb Code    18  fflti.o(.text)
    __aeabi_ui2f                             0x0800241f   Thumb Code    10  ffltui.o(.text)
    __aeabi_ui2d                             0x08002429   Thumb Code    26  dfltui.o(.text)
    __aeabi_f2uiz                            0x08002443   Thumb Code    40  ffixui.o(.text)
    __aeabi_d2uiz                            0x0800246b   Thumb Code    50  dfixui.o(.text)
    __aeabi_f2d                              0x0800249d   Thumb Code    38  f2d.o(.text)
    __aeabi_cdcmpeq                          0x080024c5   Thumb Code     0  cdcmple.o(.text)
    __aeabi_cdcmple                          0x080024c5   Thumb Code    48  cdcmple.o(.text)
    __aeabi_cdrcmple                         0x080024f5   Thumb Code    48  cdrcmple.o(.text)
    __aeabi_llsr                             0x08002525   Thumb Code    32  llushr.o(.text)
    _ll_ushift_r                             0x08002525   Thumb Code     0  llushr.o(.text)
    __I$use$fp                               0x08002545   Thumb Code     0  iusefp.o(.text)
    _float_round                             0x08002545   Thumb Code    18  fepilogue.o(.text)
    _float_epilogue                          0x08002557   Thumb Code    92  fepilogue.o(.text)
    _double_round                            0x080025b3   Thumb Code    30  depilogue.o(.text)
    _double_epilogue                         0x080025d1   Thumb Code   156  depilogue.o(.text)
    _dsqrt                                   0x0800266d   Thumb Code   162  dsqrt.o(.text)
    __scatterload                            0x08002711   Thumb Code    28  init.o(.text)
    __scatterload_rt2                        0x08002711   Thumb Code     0  init.o(.text)
    __aeabi_llsl                             0x08002735   Thumb Code    30  llshl.o(.text)
    _ll_shift_l                              0x08002735   Thumb Code     0  llshl.o(.text)
    __decompress                             0x08002753   Thumb Code     0  __dczerorl2.o(.text)
    __decompress1                            0x08002753   Thumb Code    86  __dczerorl2.o(.text)
    __scatterload_copy                       0x080027a9   Thumb Code    14  handlers.o(i.__scatterload_copy)
    __scatterload_null                       0x080027b7   Thumb Code     2  handlers.o(i.__scatterload_null)
    __scatterload_zeroinit                   0x080027b9   Thumb Code    14  handlers.o(i.__scatterload_zeroinit)
    __set_errno                              0x080027c9   Thumb Code     6  errno.o(i.__set_errno)
    sqrt                                     0x080027d5   Thumb Code    76  sqrt.o(i.sqrt)
    Region$$Table$$Base                      0x08002820   Number         0  anon$$obj.o(Region$$Table)
    Region$$Table$$Limit                     0x08002840   Number         0  anon$$obj.o(Region$$Table)
    SystemCoreClock                          0x20000000   Data           4  system_stm32f10x.o(.data)
    AHBPrescTable                            0x20000004   Data          16  system_stm32f10x.o(.data)
    GB_16                                    0x20000028   Data         210  lcd_ili9325.o(.data)
    font8                                    0x200000fa   Data         208  lcd_ili9325.o(.data)
    Font8x16                                 0x200001ca   Data        2048  lcd_ili9325.o(.data)
    GB_32                                    0x200009ca   Data        1310  lcd_ili9325.o(.data)
    tp_point                                 0x20000eec   Data          20  touch.o(.bss)
    tp_value                                 0x20000f00   Data          16  touch.o(.bss)
    __initial_sp                             0x20001310   Data           0  startup_stm32f10x_hd.o(STACK)



==============================================================================

Memory Map of the image

  Image Entry point : 0x08000131

  Load Region LR_IROM1 (Base: 0x08000000, Size: 0x0000372c, Max: 0x00040000, ABSOLUTE, COMPRESSED[0x00002ec8])

    Execution Region ER_IROM1 (Exec base: 0x08000000, Load base: 0x08000000, Size: 0x00002840, Max: 0x00040000, ABSOLUTE)

    Exec Addr    Load Addr    Size         Type   Attr      Idx    E Section Name        Object

    0x08000000   0x08000000   0x00000130   Data   RO            3    RESET               startup_stm32f10x_hd.o
    0x08000130   0x08000130   0x00000000   Code   RO          226  * .ARM.Collect$$$$00000000  mc_w.l(entry.o)
    0x08000130   0x08000130   0x00000004   Code   RO          251    .ARM.Collect$$$$00000001  mc_w.l(entry2.o)
    0x08000134   0x08000134   0x00000004   Code   RO          254    .ARM.Collect$$$$00000004  mc_w.l(entry5.o)
    0x08000138   0x08000138   0x00000000   Code   RO          256    .ARM.Collect$$$$00000008  mc_w.l(entry7b.o)
    0x08000138   0x08000138   0x00000000   Code   RO          258    .ARM.Collect$$$$0000000A  mc_w.l(entry8b.o)
    0x08000138   0x08000138   0x00000008   Code   RO          259    .ARM.Collect$$$$0000000B  mc_w.l(entry9a.o)
    0x08000140   0x08000140   0x00000000   Code   RO          261    .ARM.Collect$$$$0000000D  mc_w.l(entry10a.o)
    0x08000140   0x08000140   0x00000000   Code   RO          263    .ARM.Collect$$$$0000000F  mc_w.l(entry11a.o)
    0x08000140   0x08000140   0x00000004   Code   RO          252    .ARM.Collect$$$$00002712  mc_w.l(entry2.o)
    0x08000144   0x08000144   0x00000024   Code   RO            4    .text               startup_stm32f10x_hd.o
    0x08000168   0x08000168   0x000001e0   Code   RO           10    .text               system_stm32f10x.o
    0x08000348   0x08000348   0x00000060   Code   RO           60    .text               main.o
    0x080003a8   0x080003a8   0x0000001a   Code   RO           88    .text               stm32f10x_it.o
    0x080003c2   0x080003c2   0x00000002   PAD
    0x080003c4   0x080003c4   0x000003a4   Code   RO          103    .text               stm32f10x_rcc.o
    0x08000768   0x08000768   0x0000035c   Code   RO          117    .text               stm32f10x_gpio.o
    0x08000ac4   0x08000ac4   0x0000004c   Code   RO          151    .text               led_config.o
    0x08000b10   0x08000b10   0x00000840   Code   RO          163    .text               lcd_ili9325.o
    0x08001350   0x08001350   0x00000648   Code   RO          184    .text               pcf8563.o
    0x08001998   0x08001998   0x000008e4   Code   RO          196    .text               touch.o
    0x0800227c   0x0800227c   0x000000b0   Code   RO          229    .text               mf_w.l(fadd.o)
    0x0800232c   0x0800232c   0x00000064   Code   RO          231    .text               mf_w.l(fmul.o)
    0x08002390   0x08002390   0x0000007c   Code   RO          233    .text               mf_w.l(fdiv.o)
    0x0800240c   0x0800240c   0x00000012   Code   RO          235    .text               mf_w.l(fflti.o)
    0x0800241e   0x0800241e   0x0000000a   Code   RO          237    .text               mf_w.l(ffltui.o)
    0x08002428   0x08002428   0x0000001a   Code   RO          239    .text               mf_w.l(dfltui.o)
    0x08002442   0x08002442   0x00000028   Code   RO          241    .text               mf_w.l(ffixui.o)
    0x0800246a   0x0800246a   0x00000032   Code   RO          243    .text               mf_w.l(dfixui.o)
    0x0800249c   0x0800249c   0x00000026   Code   RO          245    .text               mf_w.l(f2d.o)
    0x080024c2   0x080024c2   0x00000002   PAD
    0x080024c4   0x080024c4   0x00000030   Code   RO          247    .text               mf_w.l(cdcmple.o)
    0x080024f4   0x080024f4   0x00000030   Code   RO          249    .text               mf_w.l(cdrcmple.o)
    0x08002524   0x08002524   0x00000020   Code   RO          265    .text               mc_w.l(llushr.o)
    0x08002544   0x08002544   0x00000000   Code   RO          274    .text               mc_w.l(iusefp.o)
    0x08002544   0x08002544   0x0000006e   Code   RO          275    .text               mf_w.l(fepilogue.o)
    0x080025b2   0x080025b2   0x000000ba   Code   RO          277    .text               mf_w.l(depilogue.o)
    0x0800266c   0x0800266c   0x000000a2   Code   RO          279    .text               mf_w.l(dsqrt.o)
    0x0800270e   0x0800270e   0x00000002   PAD
    0x08002710   0x08002710   0x00000024   Code   RO          281    .text               mc_w.l(init.o)
    0x08002734   0x08002734   0x0000001e   Code   RO          283    .text               mc_w.l(llshl.o)
    0x08002752   0x08002752   0x00000056   Code   RO          293    .text               mc_w.l(__dczerorl2.o)
    0x080027a8   0x080027a8   0x0000000e   Code   RO          287    i.__scatterload_copy  mc_w.l(handlers.o)
    0x080027b6   0x080027b6   0x00000002   Code   RO          288    i.__scatterload_null  mc_w.l(handlers.o)
    0x080027b8   0x080027b8   0x0000000e   Code   RO          289    i.__scatterload_zeroinit  mc_w.l(handlers.o)
    0x080027c6   0x080027c6   0x00000002   PAD
    0x080027c8   0x080027c8   0x0000000c   Code   RO          269    i.__set_errno       mc_w.l(errno.o)
    0x080027d4   0x080027d4   0x0000004c   Code   RO          219    i.sqrt              m_ws.l(sqrt.o)
    0x08002820   0x08002820   0x00000020   Data   RO          285    Region$$Table       anon$$obj.o


    Execution Region RW_IRAM1 (Exec base: 0x20000000, Load base: 0x08002840, Size: 0x00001310, Max: 0x0000c000, ABSOLUTE, COMPRESSED[0x00000688])

    Exec Addr    Load Addr    Size         Type   Attr      Idx    E Section Name        Object

    0x20000000   COMPRESSED   0x00000014   Data   RW           11    .data               system_stm32f10x.o
    0x20000014   COMPRESSED   0x00000014   Data   RW          104    .data               stm32f10x_rcc.o
    0x20000028   COMPRESSED   0x00000ec0   Data   RW          164    .data               lcd_ili9325.o
    0x20000ee8   COMPRESSED   0x00000004   Data   RW          270    .data               mc_w.l(errno.o)
    0x20000eec        -       0x00000024   Zero   RW          197    .bss                touch.o
    0x20000f10        -       0x00000400   Zero   RW            1    STACK               startup_stm32f10x_hd.o


==============================================================================

Image component sizes


      Code (inc. data)   RO Data    RW Data    ZI Data      Debug   Object Name

      2112         30          0       3776          0       8454   lcd_ili9325.o
        76         10          0          0          0        563   led_config.o
        96         22          0          0          0        555   main.o
      1608         12          0          0          0       3897   pcf8563.o
        36          8        304          0       1024        968   startup_stm32f10x_hd.o
       860         38          0          0          0       5961   stm32f10x_gpio.o
        26          0          0          0          0       1350   stm32f10x_it.o
       932         36          0         20          0       9224   stm32f10x_rcc.o
       480         38          0         20          0     227387   system_stm32f10x.o
      2276         60          0          0         36       4904   touch.o

    ----------------------------------------------------------------------
      8504        254        336       3816       1060     263263   Object Totals
         0          0         32          0          0          0   (incl. Generated)
         2          0          0          0          0          0   (incl. Padding)

    ----------------------------------------------------------------------

      Code (inc. data)   RO Data    RW Data    ZI Data      Debug   Library Member Name

        76          0          0          0          0         84   sqrt.o
        86          0          0          0          0          0   __dczerorl2.o
         0          0          0          0          0          0   entry.o
         0          0          0          0          0          0   entry10a.o
         0          0          0          0          0          0   entry11a.o
         8          4          0          0          0          0   entry2.o
         4          0          0          0          0          0   entry5.o
         0          0          0          0          0          0   entry7b.o
         0          0          0          0          0          0   entry8b.o
         8          4          0          0          0          0   entry9a.o
        12          6          0          4          0         68   errno.o
        30          0          0          0          0          0   handlers.o
        36          8          0          0          0         68   init.o
         0          0          0          0          0          0   iusefp.o
        30          0          0          0          0         68   llshl.o
        32          0          0          0          0         68   llushr.o
        48          0          0          0          0         68   cdcmple.o
        48          0          0          0          0         68   cdrcmple.o
       186          0          0          0          0        176   depilogue.o
        50          0          0          0          0         76   dfixui.o
        26          0          0          0          0         76   dfltui.o
       162          0          0          0          0        100   dsqrt.o
        38          0          0          0          0         68   f2d.o
       176          0          0          0          0        140   fadd.o
       124          0          0          0          0         88   fdiv.o
       110          0          0          0          0        168   fepilogue.o
        40          0          0          0          0         68   ffixui.o
        18          0          0          0          0         68   fflti.o
        10          0          0          0          0         68   ffltui.o
       100          0          0          0          0         76   fmul.o

    ----------------------------------------------------------------------
      1464         22          0          4          0       1664   Library Totals
         6          0          0          0          0          0   (incl. Padding)

    ----------------------------------------------------------------------

      Code (inc. data)   RO Data    RW Data    ZI Data      Debug   Library Name

        76          0          0          0          0         84   m_ws.l
       246         22          0          4          0        272   mc_w.l
      1136          0          0          0          0       1308   mf_w.l

    ----------------------------------------------------------------------
      1464         22          0          4          0       1664   Library Totals

    ----------------------------------------------------------------------

==============================================================================


      Code (inc. data)   RO Data    RW Data    ZI Data      Debug   

      9968        276        336       3820       1060     263755   Grand Totals
      9968        276        336       1672       1060     263755   ELF Image Totals (compressed)
      9968        276        336       1672          0          0   ROM Totals

==============================================================================

    Total RO  Size (Code + RO Data)                10304 (  10.06kB)
    Total RW  Size (RW Data + ZI Data)              4880 (   4.77kB)
    Total ROM Size (Code + RO Data + RW Data)      11976 (  11.70kB)

==============================================================================

